#
# Autogenerated by generate-bytecode-expectations.
#

---
wrap: no
test function name: f

---
snippet: "
  var global = 1;
  function f() { return ++global; }
  f();
"
frame size: 0
parameter count: 1
bytecode array length: 10
bytecodes: [
  /*   26 E> */ B(StackCheck),
  /*   31 S> */ B(LdaGlobal), U8(0), U8(8),
                B(Inc), U8(12),
  /*   40 E> */ B(StaGlobalSloppy), U8(0), U8(10),
  /*   47 S> */ B(Return),
]
constant pool: [
  ONE_BYTE_INTERNALIZED_STRING_TYPE ["global"],
]
handlers: [
]

---
snippet: "
  var global = 1;
  function f() { return global--; }
  f();
"
frame size: 1
parameter count: 1
bytecode array length: 17
bytecodes: [
  /*   26 E> */ B(StackCheck),
  /*   31 S> */ B(LdaGlobal), U8(0), U8(8),
                B(ToNumber), R(0), U8(12),
                B(Ldar), R(0),
                B(Dec), U8(12),
  /*   44 E> */ B(StaGlobalSloppy), U8(0), U8(10),
                B(Ldar), R(0),
  /*   47 S> */ B(Return),
]
constant pool: [
  ONE_BYTE_INTERNALIZED_STRING_TYPE ["global"],
]
handlers: [
]

---
snippet: "
  unallocated = 1;
  function f() { 'use strict'; return --unallocated; }
  f();
"
frame size: 0
parameter count: 1
bytecode array length: 10
bytecodes: [
  /*   27 E> */ B(StackCheck),
  /*   46 S> */ B(LdaGlobal), U8(0), U8(8),
                B(Dec), U8(12),
  /*   55 E> */ B(StaGlobalStrict), U8(0), U8(10),
  /*   67 S> */ B(Return),
]
constant pool: [
  ONE_BYTE_INTERNALIZED_STRING_TYPE ["unallocated"],
]
handlers: [
]

---
snippet: "
  unallocated = 1;
  function f() { return unallocated++; }
  f();
"
frame size: 1
parameter count: 1
bytecode array length: 17
bytecodes: [
  /*   27 E> */ B(StackCheck),
  /*   32 S> */ B(LdaGlobal), U8(0), U8(8),
                B(ToNumber), R(0), U8(12),
                B(Ldar), R(0),
                B(Inc), U8(12),
  /*   50 E> */ B(StaGlobalSloppy), U8(0), U8(10),
                B(Ldar), R(0),
  /*   53 S> */ B(Return),
]
constant pool: [
  ONE_BYTE_INTERNALIZED_STRING_TYPE ["unallocated"],
]
handlers: [
]

