#
# Autogenerated by generate-bytecode-expectations.
#

---
wrap: no
test function name: f

---
snippet: "
  var a = 1;
  function f() { return a; }
  f()
"
frame size: 0
parameter count: 1
bytecode array length: 5
bytecodes: [
  /*   21 E> */ B(StackCheck),
  /*   26 S> */ B(LdaGlobal), U8(0), U8(8),
  /*   35 S> */ B(Return),
]
constant pool: [
  ONE_BYTE_INTERNALIZED_STRING_TYPE ["a"],
]
handlers: [
]

---
snippet: "
  function t() { }
  function f() { return t; }
  f()
"
frame size: 0
parameter count: 1
bytecode array length: 5
bytecodes: [
  /*   27 E> */ B(StackCheck),
  /*   32 S> */ B(LdaGlobal), U8(0), U8(8),
  /*   41 S> */ B(Return),
]
constant pool: [
  ONE_BYTE_INTERNALIZED_STRING_TYPE ["t"],
]
handlers: [
]

---
snippet: "
  a = 1;
  function f() { return a; }
  f()
"
frame size: 0
parameter count: 1
bytecode array length: 5
bytecodes: [
  /*   17 E> */ B(StackCheck),
  /*   22 S> */ B(LdaGlobal), U8(0), U8(8),
  /*   31 S> */ B(Return),
]
constant pool: [
  ONE_BYTE_INTERNALIZED_STRING_TYPE ["a"],
]
handlers: [
]

---
snippet: "
  a = 1;
  function f(b) {
    b.name;
    b.name;
    b.name;
    b.name;
    b.name;
    b.name;
    b.name;
    b.name;
    b.name;
    b.name;
    b.name;
    b.name;
    b.name;
    b.name;
    b.name;
    b.name;
    b.name;
    b.name;
    b.name;
    b.name;
    b.name;
    b.name;
    b.name;
    b.name;
    b.name;
    b.name;
    b.name;
    b.name;
    b.name;
    b.name;
    b.name;
    b.name;
    b.name;
    b.name;
    b.name;
    b.name;
    b.name;
    b.name;
    b.name;
    b.name;
    b.name;
    b.name;
    b.name;
    b.name;
    b.name;
    b.name;
    b.name;
    b.name;
    b.name;
    b.name;
    b.name;
    b.name;
    b.name;
    b.name;
    b.name;
    b.name;
    b.name;
    b.name;
    b.name;
    b.name;
    b.name;
    b.name;
    b.name;
    b.name;
    b.name;
    b.name;
    b.name;
    b.name;
    b.name;
    b.name;
    b.name;
    b.name;
    b.name;
    b.name;
    b.name;
    b.name;
    b.name;
    b.name;
    b.name;
    b.name;
    b.name;
    b.name;
    b.name;
    b.name;
    b.name;
    b.name;
    b.name;
    b.name;
    b.name;
    b.name;
    b.name;
    b.name;
    b.name;
    b.name;
    b.name;
    b.name;
    b.name;
    b.name;
    b.name;
    b.name;
    b.name;
    b.name;
    b.name;
    b.name;
    b.name;
    b.name;
    b.name;
    b.name;
    b.name;
    b.name;
    b.name;
    b.name;
    b.name;
    b.name;
    b.name;
    b.name;
    b.name;
    b.name;
    b.name;
    b.name;
    b.name;
    b.name;
    b.name;
    b.name;
    b.name;
    b.name;
    b.name;
    b.name;
    return a;
  }
  f({name: 1});
"
frame size: 0
parameter count: 2
bytecode array length: 536
bytecodes: [
  /*   17 E> */ B(StackCheck),
  /*   27 S> */ B(LdaNamedProperty), R(arg0), U8(0), U8(8),
  /*   37 S> */ B(LdaNamedProperty), R(arg0), U8(0), U8(10),
  /*   47 S> */ B(LdaNamedProperty), R(arg0), U8(0), U8(12),
  /*   57 S> */ B(LdaNamedProperty), R(arg0), U8(0), U8(14),
  /*   67 S> */ B(LdaNamedProperty), R(arg0), U8(0), U8(16),
  /*   77 S> */ B(LdaNamedProperty), R(arg0), U8(0), U8(18),
  /*   87 S> */ B(LdaNamedProperty), R(arg0), U8(0), U8(20),
  /*   97 S> */ B(LdaNamedProperty), R(arg0), U8(0), U8(22),
  /*  107 S> */ B(LdaNamedProperty), R(arg0), U8(0), U8(24),
  /*  117 S> */ B(LdaNamedProperty), R(arg0), U8(0), U8(26),
  /*  127 S> */ B(LdaNamedProperty), R(arg0), U8(0), U8(28),
  /*  137 S> */ B(LdaNamedProperty), R(arg0), U8(0), U8(30),
  /*  147 S> */ B(LdaNamedProperty), R(arg0), U8(0), U8(32),
  /*  157 S> */ B(LdaNamedProperty), R(arg0), U8(0), U8(34),
  /*  167 S> */ B(LdaNamedProperty), R(arg0), U8(0), U8(36),
  /*  177 S> */ B(LdaNamedProperty), R(arg0), U8(0), U8(38),
  /*  187 S> */ B(LdaNamedProperty), R(arg0), U8(0), U8(40),
  /*  197 S> */ B(LdaNamedProperty), R(arg0), U8(0), U8(42),
  /*  207 S> */ B(LdaNamedProperty), R(arg0), U8(0), U8(44),
  /*  217 S> */ B(LdaNamedProperty), R(arg0), U8(0), U8(46),
  /*  227 S> */ B(LdaNamedProperty), R(arg0), U8(0), U8(48),
  /*  237 S> */ B(LdaNamedProperty), R(arg0), U8(0), U8(50),
  /*  247 S> */ B(LdaNamedProperty), R(arg0), U8(0), U8(52),
  /*  257 S> */ B(LdaNamedProperty), R(arg0), U8(0), U8(54),
  /*  267 S> */ B(LdaNamedProperty), R(arg0), U8(0), U8(56),
  /*  277 S> */ B(LdaNamedProperty), R(arg0), U8(0), U8(58),
  /*  287 S> */ B(LdaNamedProperty), R(arg0), U8(0), U8(60),
  /*  297 S> */ B(LdaNamedProperty), R(arg0), U8(0), U8(62),
  /*  307 S> */ B(LdaNamedProperty), R(arg0), U8(0), U8(64),
  /*  317 S> */ B(LdaNamedProperty), R(arg0), U8(0), U8(66),
  /*  327 S> */ B(LdaNamedProperty), R(arg0), U8(0), U8(68),
  /*  337 S> */ B(LdaNamedProperty), R(arg0), U8(0), U8(70),
  /*  347 S> */ B(LdaNamedProperty), R(arg0), U8(0), U8(72),
  /*  357 S> */ B(LdaNamedProperty), R(arg0), U8(0), U8(74),
  /*  367 S> */ B(LdaNamedProperty), R(arg0), U8(0), U8(76),
  /*  377 S> */ B(LdaNamedProperty), R(arg0), U8(0), U8(78),
  /*  387 S> */ B(LdaNamedProperty), R(arg0), U8(0), U8(80),
  /*  397 S> */ B(LdaNamedProperty), R(arg0), U8(0), U8(82),
  /*  407 S> */ B(LdaNamedProperty), R(arg0), U8(0), U8(84),
  /*  417 S> */ B(LdaNamedProperty), R(arg0), U8(0), U8(86),
  /*  427 S> */ B(LdaNamedProperty), R(arg0), U8(0), U8(88),
  /*  437 S> */ B(LdaNamedProperty), R(arg0), U8(0), U8(90),
  /*  447 S> */ B(LdaNamedProperty), R(arg0), U8(0), U8(92),
  /*  457 S> */ B(LdaNamedProperty), R(arg0), U8(0), U8(94),
  /*  467 S> */ B(LdaNamedProperty), R(arg0), U8(0), U8(96),
  /*  477 S> */ B(LdaNamedProperty), R(arg0), U8(0), U8(98),
  /*  487 S> */ B(LdaNamedProperty), R(arg0), U8(0), U8(100),
  /*  497 S> */ B(LdaNamedProperty), R(arg0), U8(0), U8(102),
  /*  507 S> */ B(LdaNamedProperty), R(arg0), U8(0), U8(104),
  /*  517 S> */ B(LdaNamedProperty), R(arg0), U8(0), U8(106),
  /*  527 S> */ B(LdaNamedProperty), R(arg0), U8(0), U8(108),
  /*  537 S> */ B(LdaNamedProperty), R(arg0), U8(0), U8(110),
  /*  547 S> */ B(LdaNamedProperty), R(arg0), U8(0), U8(112),
  /*  557 S> */ B(LdaNamedProperty), R(arg0), U8(0), U8(114),
  /*  567 S> */ B(LdaNamedProperty), R(arg0), U8(0), U8(116),
  /*  577 S> */ B(LdaNamedProperty), R(arg0), U8(0), U8(118),
  /*  587 S> */ B(LdaNamedProperty), R(arg0), U8(0), U8(120),
  /*  597 S> */ B(LdaNamedProperty), R(arg0), U8(0), U8(122),
  /*  607 S> */ B(LdaNamedProperty), R(arg0), U8(0), U8(124),
  /*  617 S> */ B(LdaNamedProperty), R(arg0), U8(0), U8(126),
  /*  627 S> */ B(LdaNamedProperty), R(arg0), U8(0), U8(128),
  /*  637 S> */ B(LdaNamedProperty), R(arg0), U8(0), U8(130),
  /*  647 S> */ B(LdaNamedProperty), R(arg0), U8(0), U8(132),
  /*  657 S> */ B(LdaNamedProperty), R(arg0), U8(0), U8(134),
  /*  667 S> */ B(LdaNamedProperty), R(arg0), U8(0), U8(136),
  /*  677 S> */ B(LdaNamedProperty), R(arg0), U8(0), U8(138),
  /*  687 S> */ B(LdaNamedProperty), R(arg0), U8(0), U8(140),
  /*  697 S> */ B(LdaNamedProperty), R(arg0), U8(0), U8(142),
  /*  707 S> */ B(LdaNamedProperty), R(arg0), U8(0), U8(144),
  /*  717 S> */ B(LdaNamedProperty), R(arg0), U8(0), U8(146),
  /*  727 S> */ B(LdaNamedProperty), R(arg0), U8(0), U8(148),
  /*  737 S> */ B(LdaNamedProperty), R(arg0), U8(0), U8(150),
  /*  747 S> */ B(LdaNamedProperty), R(arg0), U8(0), U8(152),
  /*  757 S> */ B(LdaNamedProperty), R(arg0), U8(0), U8(154),
  /*  767 S> */ B(LdaNamedProperty), R(arg0), U8(0), U8(156),
  /*  777 S> */ B(LdaNamedProperty), R(arg0), U8(0), U8(158),
  /*  787 S> */ B(LdaNamedProperty), R(arg0), U8(0), U8(160),
  /*  797 S> */ B(LdaNamedProperty), R(arg0), U8(0), U8(162),
  /*  807 S> */ B(LdaNamedProperty), R(arg0), U8(0), U8(164),
  /*  817 S> */ B(LdaNamedProperty), R(arg0), U8(0), U8(166),
  /*  827 S> */ B(LdaNamedProperty), R(arg0), U8(0), U8(168),
  /*  837 S> */ B(LdaNamedProperty), R(arg0), U8(0), U8(170),
  /*  847 S> */ B(LdaNamedProperty), R(arg0), U8(0), U8(172),
  /*  857 S> */ B(LdaNamedProperty), R(arg0), U8(0), U8(174),
  /*  867 S> */ B(LdaNamedProperty), R(arg0), U8(0), U8(176),
  /*  877 S> */ B(LdaNamedProperty), R(arg0), U8(0), U8(178),
  /*  887 S> */ B(LdaNamedProperty), R(arg0), U8(0), U8(180),
  /*  897 S> */ B(LdaNamedProperty), R(arg0), U8(0), U8(182),
  /*  907 S> */ B(LdaNamedProperty), R(arg0), U8(0), U8(184),
  /*  917 S> */ B(LdaNamedProperty), R(arg0), U8(0), U8(186),
  /*  927 S> */ B(LdaNamedProperty), R(arg0), U8(0), U8(188),
  /*  937 S> */ B(LdaNamedProperty), R(arg0), U8(0), U8(190),
  /*  947 S> */ B(LdaNamedProperty), R(arg0), U8(0), U8(192),
  /*  957 S> */ B(LdaNamedProperty), R(arg0), U8(0), U8(194),
  /*  967 S> */ B(LdaNamedProperty), R(arg0), U8(0), U8(196),
  /*  977 S> */ B(LdaNamedProperty), R(arg0), U8(0), U8(198),
  /*  987 S> */ B(LdaNamedProperty), R(arg0), U8(0), U8(200),
  /*  997 S> */ B(LdaNamedProperty), R(arg0), U8(0), U8(202),
  /* 1007 S> */ B(LdaNamedProperty), R(arg0), U8(0), U8(204),
  /* 1017 S> */ B(LdaNamedProperty), R(arg0), U8(0), U8(206),
  /* 1027 S> */ B(LdaNamedProperty), R(arg0), U8(0), U8(208),
  /* 1037 S> */ B(LdaNamedProperty), R(arg0), U8(0), U8(210),
  /* 1047 S> */ B(LdaNamedProperty), R(arg0), U8(0), U8(212),
  /* 1057 S> */ B(LdaNamedProperty), R(arg0), U8(0), U8(214),
  /* 1067 S> */ B(LdaNamedProperty), R(arg0), U8(0), U8(216),
  /* 1077 S> */ B(LdaNamedProperty), R(arg0), U8(0), U8(218),
  /* 1087 S> */ B(LdaNamedProperty), R(arg0), U8(0), U8(220),
  /* 1097 S> */ B(LdaNamedProperty), R(arg0), U8(0), U8(222),
  /* 1107 S> */ B(LdaNamedProperty), R(arg0), U8(0), U8(224),
  /* 1117 S> */ B(LdaNamedProperty), R(arg0), U8(0), U8(226),
  /* 1127 S> */ B(LdaNamedProperty), R(arg0), U8(0), U8(228),
  /* 1137 S> */ B(LdaNamedProperty), R(arg0), U8(0), U8(230),
  /* 1147 S> */ B(LdaNamedProperty), R(arg0), U8(0), U8(232),
  /* 1157 S> */ B(LdaNamedProperty), R(arg0), U8(0), U8(234),
  /* 1167 S> */ B(LdaNamedProperty), R(arg0), U8(0), U8(236),
  /* 1177 S> */ B(LdaNamedProperty), R(arg0), U8(0), U8(238),
  /* 1187 S> */ B(LdaNamedProperty), R(arg0), U8(0), U8(240),
  /* 1197 S> */ B(LdaNamedProperty), R(arg0), U8(0), U8(242),
  /* 1207 S> */ B(LdaNamedProperty), R(arg0), U8(0), U8(244),
  /* 1217 S> */ B(LdaNamedProperty), R(arg0), U8(0), U8(246),
  /* 1227 S> */ B(LdaNamedProperty), R(arg0), U8(0), U8(248),
  /* 1237 S> */ B(LdaNamedProperty), R(arg0), U8(0), U8(250),
  /* 1247 S> */ B(LdaNamedProperty), R(arg0), U8(0), U8(252),
  /* 1257 S> */ B(LdaNamedProperty), R(arg0), U8(0), U8(254),
  /* 1267 S> */ B(Wide), B(LdaNamedProperty), R16(arg0), U16(0), U16(256),
  /* 1277 S> */ B(Wide), B(LdaNamedProperty), R16(arg0), U16(0), U16(258),
  /* 1287 S> */ B(Wide), B(LdaNamedProperty), R16(arg0), U16(0), U16(260),
  /* 1297 S> */ B(Wide), B(LdaNamedProperty), R16(arg0), U16(0), U16(262),
  /* 1305 S> */ B(Wide), B(LdaGlobal), U16(1), U16(264),
  /* 1314 S> */ B(Return),
]
constant pool: [
  ONE_BYTE_INTERNALIZED_STRING_TYPE ["name"],
  ONE_BYTE_INTERNALIZED_STRING_TYPE ["a"],
]
handlers: [
]

